******************************************************************************
                  TI ARM Linker PC v20.2.1                     
******************************************************************************
>> Linked Thu Sep 24 12:30:54 2020

OUTPUT FILE NAME:   <Lab4-2.out>
ENTRY POINT SYMBOL: "_c_int00_noargs"  address: 00002dd1


MEMORY CONFIGURATION

         name            origin    length      used     unused   attr    fill
----------------------  --------  ---------  --------  --------  ----  --------
  FLASH                 00000000   00040000  000030f5  0003cf0b  R  X
  SRAM                  20000000   00008000  00000b1b  000074e5  RW X


SEGMENT ALLOCATION MAP

run origin  load origin   length   init length attrs members
----------  ----------- ---------- ----------- ----- -------
00000000    00000000    000030f8   000030f8    r-x
  00000000    00000000    0000026c   0000026c    r-- .intvecs
  0000026c    0000026c    00002d40   00002d40    r-x .text
  00002fac    00002fac    00000109   00000109    r-- .const
  000030b8    000030b8    00000040   00000040    r-- .cinit
20000000    20000000    00000b22   00000000    rw-
  20000000    20000000    0000026c   00000000    rw- .vtable
  20000270    20000270    00000800   00000000    rw- .stack
  20000a70    20000a70    000000a5   00000000    rw- .bss
  20000b18    20000b18    0000000a   00000000    rw- .data


SECTION ALLOCATION MAP

 output                                  attributes/
section   page    origin      length       input sections
--------  ----  ----------  ----------   ----------------
.intvecs   0    00000000    0000026c     
                  00000000    0000026c     tm4c123gh6pm_startup_ccs.obj (.intvecs)

.text      0    0000026c    00002d40     
                  0000026c    00000a4e     rtsv7M4_T_le_v4SPD16_eabi.lib : _printfi.c.obj (.text:__TI_printfi)
                  00000cba    00000002                                   : div0.asm.obj (.text)
                  00000cbc    00000328     lcd.obj (.text)
                  00000fe4    000002a8     libcybotUART.lib : uart.obj (.text)
                  0000128c    00000270     rtsv7M4_T_le_v4SPD16_eabi.lib : _printfi.c.obj (.text:_pconv_a)
                  000014fc    00000248     Timer.obj (.text)
                  00001744    000001d0     rtsv7M4_T_le_v4SPD16_eabi.lib : _printfi.c.obj (.text:_pconv_g)
                  00001914    000001bc     libcybotScan.lib : ping.obj (.text)
                  00001ad0    000001b6     rtsv7M4_T_le_v4SPD16_eabi.lib : fd_add_t2.asm.obj (.text)
                  00001c86    00000002     --HOLE-- [fill = 0]
                  00001c88    0000013c                                   : _printfi.c.obj (.text:_pconv_e)
                  00001dc4    00000136                                   : fd_div_t2.asm.obj (.text)
                  00001efa    00000002     --HOLE-- [fill = 0]
                  00001efc    00000124                                   : _printfi.c.obj (.text:fcvt)
                  00002020    0000011c     button.obj (.text)
                  0000213c    00000110     rtsv7M4_T_le_v4SPD16_eabi.lib : s_scalbn.c.obj (.text:scalbn)
                  0000224c    000000fc     lab4_template.obj (.text)
                  00002348    000000fc     rtsv7M4_T_le_v4SPD16_eabi.lib : fd_mul_t2.asm.obj (.text)
                  00002444    000000dc     libcybotScan.lib : ir.obj (.text)
                  00002520    000000c4                      : servo.obj (.text)
                  000025e4    000000b1     rtsv7M4_T_le_v4SPD16_eabi.lib : _printfi.c.obj (.text:_ltostr)
                  00002695    00000001     --HOLE-- [fill = 0]
                  00002696    0000009c                                   : memcpy_t2.asm.obj (.text)
                  00002732    00000096                                   : ull_div_t2.asm.obj (.text)
                  000027c8    00000086                                   : fd_cmp_t2.asm.obj (.text:__aeabi_cdcmple)
                  0000284e    00000086                                   : fd_cmp_t2.asm.obj (.text:__aeabi_cdrcmple)
                  000028d4    0000007a                                   : memset_t2.asm.obj (.text)
                  0000294e    0000006e                                   : _printfi.c.obj (.text:_mcpy)
                  000029bc    00000068                                   : copy_decompress_lzss.c.obj (.text:decompress:lzss:__TI_decompress_lzss)
                  00002a24    00000064                                   : s_frexp.c.obj (.text:frexp)
                  00002a88    00000056                                   : _printfi.c.obj (.text:_pconv_f)
                  00002ade    00000054                                   : _ltoa.c.obj (.text:__TI_ltoa)
                  00002b32    00000052                                   : _printfi.c.obj (.text:_ecpy)
                  00002b84    0000004c                                   : atoi.c.obj (.text:atoi)
                  00002bd0    00000048     libcybotScan.lib : cyBot_Scan.obj (.text)
                  00002c18    00000048     rtsv7M4_T_le_v4SPD16_eabi.lib : fd_toi_t2.asm.obj (.text)
                  00002c60    00000044                                   : autoinit.c.obj (.text:__TI_auto_init_nobinit_nopinit:__TI_auto_init_nobinit_nopinit)
                  00002ca4    00000040                                   : sprintf.c.obj (.text:sprintf)
                  00002ce4    00000040                                   : vsnprintf.c.obj (.text:vsnprintf)
                  00002d24    0000003e                                   : _printfi.c.obj (.text:_fcpy)
                  00002d62    00000038                                   : fs_tod_t2.asm.obj (.text)
                  00002d9a    00000002     --HOLE-- [fill = 0]
                  00002d9c    00000034     driverlib.lib : interrupt.obj (.text:IntRegister)
                  00002dd0    00000034     rtsv7M4_T_le_v4SPD16_eabi.lib : boot_cortex_m.c.obj (.text:_c_int00_noargs:_c_int00_noargs)
                  00002e04    00000030                                   : vsnprintf.c.obj (.text:_outs)
                  00002e34    0000002e                                   : i_tofd_t2.asm.obj (.text)
                  00002e62    0000001c                                   : copy_zero_init.c.obj (.text:decompress:ZI:__TI_zero_init_nomemset:__TI_zero_init_nomemset)
                  00002e7e    0000001c                                   : memccpy.c.obj (.text:memccpy)
                  00002e9a    0000001a                                   : s_copysign.c.obj (.text:copysign)
                  00002eb4    00000018                                   : vsnprintf.c.obj (.text:_outc)
                  00002ecc    00000018                                   : sprintf.c.obj (.text:_outs)
                  00002ee4    00000018                                   : strcmp.c.obj (.text:strcmp)
                  00002efc    00000016                                   : strchr.c.obj (.text:strchr)
                  00002f12    00000014                                   : strcpy.c.obj (.text:strcpy)
                  00002f26    00000014                                   : strlen.c.obj (.text:strlen)
                  00002f3a    00000012                                   : wcslen.c.obj (.text:wcslen)
                  00002f4c    00000010     driverlib.lib : interrupt.obj (.text:IntMasterEnable)
                  00002f5c    00000010     lcd.obj (.text:lcd_clear)
                  00002f6c    0000000e     rtsv7M4_T_le_v4SPD16_eabi.lib : copy_decompress_none.c.obj (.text:decompress:none:__TI_decompress_none)
                  00002f7a    0000000c     driverlib.lib : cpu.obj (.text:CPUcpsie)
                  00002f86    0000000c     tm4c123gh6pm_startup_ccs.obj (.text)
                  00002f92    0000000a     rtsv7M4_T_le_v4SPD16_eabi.lib : sprintf.c.obj (.text:_outc)
                  00002f9c    00000008                                   : errno.c.obj (.text:__aeabi_errno_addr)
                  00002fa4    00000004                                   : pre_init.c.obj (.text:_system_pre_init)
                  00002fa8    00000004                                   : exit.c.obj (.text:abort:abort)

.const     0    00002fac    00000109     
                  00002fac    00000101     rtsv7M4_T_le_v4SPD16_eabi.lib : ctype.c.obj (.const:.string:_ctypes_)
                  000030ad    00000004     lcd.obj (.const:.string:lineAddress$1)
                  000030b1    00000004     lcd.obj (.const:.string:lineAddresses$2)

.cinit     0    000030b8    00000040     
                  000030b8    0000000c     (__TI_handler_table)
                  000030c4    00000004     --HOLE-- [fill = 0]
                  000030c8    00000008     (.cinit..bss.load) [load image, compression = zero_init]
                  000030d0    00000008     (.cinit..vtable.load) [load image, compression = zero_init]
                  000030d8    00000007     (.cinit..data.load) [load image, compression = lzss]
                  000030df    00000001     --HOLE-- [fill = 0]
                  000030e0    00000018     (__TI_cinit_table)

.init_array 
*          0    00000000    00000000     UNINITIALIZED

.vtable    0    20000000    0000026c     UNINITIALIZED
                  20000000    0000026c     driverlib.lib : interrupt.obj (.vtable)

.bss       0    20000a70    000000a5     UNINITIALIZED
                  20000a70    00000054     lcd.obj (.bss:lastbuffer$3)
                  20000ac4    00000034     (.common:isr_char_buffer)
                  20000af8    00000004     (.common:_timeout_ticks)
                  20000afc    00000004     (.common:button_event)
                  20000b00    00000004     (.common:button_num)
                  20000b04    00000004     (.common:fallingEdge)
                  20000b08    00000004     (.common:isr_int_value)
                  20000b0c    00000004     (.common:pulseLength)
                  20000b10    00000004     (.common:risingEdge)
                  20000b14    00000001     (.common:isRisingEdge)

.data      0    20000b18    0000000a     UNINITIALIZED
                  20000b18    00000004     libcybotUART.lib : uart.obj (.data)
                  20000b1c    00000004     rtsv7M4_T_le_v4SPD16_eabi.lib : errno.c.obj (.data)
                  20000b20    00000001     Timer.obj (.data)
                  20000b21    00000001     button.obj (.data)

.stack     0    20000270    00000800     UNINITIALIZED
                  20000270    00000004     rtsv7M4_T_le_v4SPD16_eabi.lib : boot_cortex_m.c.obj (.stack)
                  20000274    000007fc     --HOLE--

__llvm_prf_cnts 
*          0    20000000    00000000     UNINITIALIZED

MODULE SUMMARY

       Module                         code    ro data   rw data
       ------                         ----    -------   -------
    .\
       lcd.obj                        824     8         84     
       tm4c123gh6pm_startup_ccs.obj   12      620       0      
       Timer.obj                      584     0         5      
       button.obj                     284     0         9      
       lab4_template.obj              252     0         0      
    +--+------------------------------+-------+---------+---------+
       Total:                         1956    628       98     
                                                               
    ../libcybotScan.lib
       ping.obj                       444     0         13     
       ir.obj                         220     0         4      
       servo.obj                      196     0         0      
       cyBot_Scan.obj                 72      0         0      
    +--+------------------------------+-------+---------+---------+
       Total:                         932     0         17     
                                                               
    ../libcybotUART.lib
       uart.obj                       680     0         56     
    +--+------------------------------+-------+---------+---------+
       Total:                         680     0         56     
                                                               
    C:/ti/TivaWare_C_Series-2.1.4.178/driverlib/ccs/Debug/driverlib.lib
       interrupt.obj                  68      0         620    
       cpu.obj                        12      0         0      
    +--+------------------------------+-------+---------+---------+
       Total:                         80      0         620    
                                                               
    C:\ti\ccs1010\ccs\tools\compiler\ti-cgt-arm_20.2.1.LTS\lib\rtsv7M4_T_le_v4SPD16_eabi.lib
       _printfi.c.obj                 4851    0         0      
       fd_add_t2.asm.obj              438     0         0      
       fd_div_t2.asm.obj              310     0         0      
       s_scalbn.c.obj                 272     0         0      
       fd_cmp_t2.asm.obj              268     0         0      
       ctype.c.obj                    0       257       0      
       fd_mul_t2.asm.obj              252     0         0      
       memcpy_t2.asm.obj              156     0         0      
       ull_div_t2.asm.obj             150     0         0      
       vsnprintf.c.obj                136     0         0      
       memset_t2.asm.obj              122     0         0      
       copy_decompress_lzss.c.obj     104     0         0      
       s_frexp.c.obj                  100     0         0      
       sprintf.c.obj                  98      0         0      
       _ltoa.c.obj                    84      0         0      
       atoi.c.obj                     76      0         0      
       fd_toi_t2.asm.obj              72      0         0      
       autoinit.c.obj                 68      0         0      
       fs_tod_t2.asm.obj              56      0         0      
       boot_cortex_m.c.obj            52      0         0      
       i_tofd_t2.asm.obj              46      0         0      
       copy_zero_init.c.obj           28      0         0      
       memccpy.c.obj                  28      0         0      
       s_copysign.c.obj               26      0         0      
       strcmp.c.obj                   24      0         0      
       strchr.c.obj                   22      0         0      
       strcpy.c.obj                   20      0         0      
       strlen.c.obj                   20      0         0      
       wcslen.c.obj                   18      0         0      
       copy_decompress_none.c.obj     14      0         0      
       errno.c.obj                    8       0         4      
       exit.c.obj                     4       0         0      
       pre_init.c.obj                 4       0         0      
       div0.asm.obj                   2       0         0      
    +--+------------------------------+-------+---------+---------+
       Total:                         7929    257       4      
                                                               
       Stack:                         0       0         2048   
       Linker Generated:              0       59        0      
    +--+------------------------------+-------+---------+---------+
       Grand Total:                   11577   944       2843   


LINKER GENERATED COPY TABLES

__TI_cinit_table @ 000030e0 records: 3, size/record: 8, table size: 24
	.bss: load addr=000030c8, load size=00000008 bytes, run addr=20000a70, run size=000000a5 bytes, compression=zero_init
	.vtable: load addr=000030d0, load size=00000008 bytes, run addr=20000000, run size=0000026c bytes, compression=zero_init
	.data: load addr=000030d8, load size=00000007 bytes, run addr=20000b18, run size=0000000a bytes, compression=lzss


LINKER GENERATED HANDLER TABLE

__TI_handler_table @ 000030b8 records: 3, size/record: 4, table size: 12
	index: 0, handler: __TI_zero_init
	index: 1, handler: __TI_decompress_lzss
	index: 2, handler: __TI_decompress_none


GLOBAL SYMBOLS: SORTED ALPHABETICALLY BY Name 

address   name                          
-------   ----                          
000024f1  ADC0SS0_Handler               
00002fa9  C$$EXIT                       
00002f7b  CPUcpsie                      
00002f4d  IntMasterEnable               
00002d9d  IntRegister                   
00002f87  ResetISR                      
00001a51  TIMER3B_Handler               
20000a70  __STACK_END                   
00000800  __STACK_SIZE                  
20000470  __STACK_TOP                   
000030e0  __TI_CINIT_Base               
000030f8  __TI_CINIT_Limit              
000030b8  __TI_Handler_Table_Base       
000030c4  __TI_Handler_Table_Limit      
00002c61  __TI_auto_init_nobinit_nopinit
000029bd  __TI_decompress_lzss          
00002f6d  __TI_decompress_none          
00002adf  __TI_ltoa                     
ffffffff  __TI_pprof_out_hndl           
0000026d  __TI_printfi                  
ffffffff  __TI_prof_data_size           
ffffffff  __TI_prof_data_start          
00000000  __TI_static_base__            
00002e63  __TI_zero_init_nomemset       
000027c9  __aeabi_cdcmpeq               
000027c9  __aeabi_cdcmple               
0000284f  __aeabi_cdrcmple              
00002c19  __aeabi_d2iz                  
00001adb  __aeabi_dadd                  
00001dc5  __aeabi_ddiv                  
00002349  __aeabi_dmul                  
00001ad1  __aeabi_dsub                  
00002f9d  __aeabi_errno_addr            
00002d63  __aeabi_f2d                   
00002e35  __aeabi_i2d                   
00000cbb  __aeabi_idiv0                 
00000cbb  __aeabi_ldiv0                 
000028d5  __aeabi_memclr                
000028d5  __aeabi_memclr4               
000028d5  __aeabi_memclr8               
00002697  __aeabi_memcpy                
00002697  __aeabi_memcpy4               
00002697  __aeabi_memcpy8               
000028d7  __aeabi_memset                
000028d7  __aeabi_memset4               
000028d7  __aeabi_memset8               
00002733  __aeabi_uldivmod              
ffffffff  __binit__                     
ffffffff  __c_args__                    
UNDEFED   __mpu_init                    
20000270  __stack                       
20000000  __start___llvm_prf_cnts       
20000000  __stop___llvm_prf_cnts        
00002dd1  _c_int00_noargs               
00002fac  _ctypes_                      
20000b20  _running                      
UNDEFED   _system_post_cinit            
00002fa5  _system_pre_init              
20000af8  _timeout_ticks                
00002fa9  abort                         
00002b85  atoi                          
ffffffff  binit                         
20000afc  button_event                  
000020ab  button_getButton              
00002021  button_init                   
20000b00  button_num                    
00002e9b  copysign                      
00002e9b  copysignl                     
00002be1  cyBOT_Scan                    
00002bd1  cyBOT_init_Scan               
00001231  cyBot_UART1_Handler           
00001223  cyBot_getByte_blocking        
00001203  cyBot_getByte_nonblocking     
00000fe5  cyBot_sendByte                
000011e9  cyBot_uart_flush              
00001153  cyBot_uart_init               
000010f3  cyBot_uart_init_PHJ_first_half
0000109b  cyBot_uart_init_clean         
00001023  cyBot_uart_init_last_half     
0000100b  cyBot_uart_sendBuffer         
00000ff1  cyBot_uart_sendStr            
20000b1c  errno                         
20000b04  fallingEdge                   
00002a25  frexp                         
00002a25  frexpl                        
20000000  g_pfnRAMVectors               
00000000  g_pfnVectors                  
00002093  gpioe_handler                 
0000204f  init_button_interrupts        
000024c1  ir_enableInterrupt            
000024b9  ir_getDistance                
000024a5  ir_getValue                   
00002445  ir_init                       
20000b14  isRisingEdge                  
20000ac4  isr_char_buffer               
20000b18  isr_counter                   
20000b08  isr_int_value                 
00002f5d  lcd_clear                     
00000e91  lcd_gotoLine                  
00000cf9  lcd_init                      
00000ef7  lcd_printf                    
00000db9  lcd_putc                      
00000df1  lcd_puts                      
00000cbd  lcd_reverseNibble             
00000e0f  lcd_sendCommand               
00000e4d  lcd_sendNibble                
00000eb9  lcd_setCursorPos              
0000213d  ldexp                         
0000213d  ldexpl                        
00002279  main                          
00002e7f  memccpy                       
00002697  memcpy                        
000028dd  memset                        
00001a1b  ping_getDistance              
00001979  ping_init                     
00001915  ping_trigger                  
20000b0c  pulseLength                   
20000b10  risingEdge                    
0000213d  scalbn                        
0000213d  scalbnl                       
0000224d  sendString                    
0000255f  servo_init                    
0000253f  servo_move                    
0000252d  servo_setPWM                  
00002521  servo_stop                    
00002ca5  sprintf                       
00002efd  strchr                        
00002ee5  strcmp                        
00002f13  strcpy                        
00002f27  strlen                        
0000161b  timer_getMicros               
000015c3  timer_getMillis               
000014fd  timer_init                    
0000159f  timer_pause                   
000015b1  timer_resume                  
00001575  timer_stop                    
00001675  timer_waitMicros              
000016a7  timer_waitMillis              
00002ce5  vsnprintf                     
00002f3b  wcslen                        


GLOBAL SYMBOLS: SORTED BY Symbol Address 

address   name                          
-------   ----                          
00000000  __TI_static_base__            
00000000  g_pfnVectors                  
0000026d  __TI_printfi                  
00000800  __STACK_SIZE                  
00000cbb  __aeabi_idiv0                 
00000cbb  __aeabi_ldiv0                 
00000cbd  lcd_reverseNibble             
00000cf9  lcd_init                      
00000db9  lcd_putc                      
00000df1  lcd_puts                      
00000e0f  lcd_sendCommand               
00000e4d  lcd_sendNibble                
00000e91  lcd_gotoLine                  
00000eb9  lcd_setCursorPos              
00000ef7  lcd_printf                    
00000fe5  cyBot_sendByte                
00000ff1  cyBot_uart_sendStr            
0000100b  cyBot_uart_sendBuffer         
00001023  cyBot_uart_init_last_half     
0000109b  cyBot_uart_init_clean         
000010f3  cyBot_uart_init_PHJ_first_half
00001153  cyBot_uart_init               
000011e9  cyBot_uart_flush              
00001203  cyBot_getByte_nonblocking     
00001223  cyBot_getByte_blocking        
00001231  cyBot_UART1_Handler           
000014fd  timer_init                    
00001575  timer_stop                    
0000159f  timer_pause                   
000015b1  timer_resume                  
000015c3  timer_getMillis               
0000161b  timer_getMicros               
00001675  timer_waitMicros              
000016a7  timer_waitMillis              
00001915  ping_trigger                  
00001979  ping_init                     
00001a1b  ping_getDistance              
00001a51  TIMER3B_Handler               
00001ad1  __aeabi_dsub                  
00001adb  __aeabi_dadd                  
00001dc5  __aeabi_ddiv                  
00002021  button_init                   
0000204f  init_button_interrupts        
00002093  gpioe_handler                 
000020ab  button_getButton              
0000213d  ldexp                         
0000213d  ldexpl                        
0000213d  scalbn                        
0000213d  scalbnl                       
0000224d  sendString                    
00002279  main                          
00002349  __aeabi_dmul                  
00002445  ir_init                       
000024a5  ir_getValue                   
000024b9  ir_getDistance                
000024c1  ir_enableInterrupt            
000024f1  ADC0SS0_Handler               
00002521  servo_stop                    
0000252d  servo_setPWM                  
0000253f  servo_move                    
0000255f  servo_init                    
00002697  __aeabi_memcpy                
00002697  __aeabi_memcpy4               
00002697  __aeabi_memcpy8               
00002697  memcpy                        
00002733  __aeabi_uldivmod              
000027c9  __aeabi_cdcmpeq               
000027c9  __aeabi_cdcmple               
0000284f  __aeabi_cdrcmple              
000028d5  __aeabi_memclr                
000028d5  __aeabi_memclr4               
000028d5  __aeabi_memclr8               
000028d7  __aeabi_memset                
000028d7  __aeabi_memset4               
000028d7  __aeabi_memset8               
000028dd  memset                        
000029bd  __TI_decompress_lzss          
00002a25  frexp                         
00002a25  frexpl                        
00002adf  __TI_ltoa                     
00002b85  atoi                          
00002bd1  cyBOT_init_Scan               
00002be1  cyBOT_Scan                    
00002c19  __aeabi_d2iz                  
00002c61  __TI_auto_init_nobinit_nopinit
00002ca5  sprintf                       
00002ce5  vsnprintf                     
00002d63  __aeabi_f2d                   
00002d9d  IntRegister                   
00002dd1  _c_int00_noargs               
00002e35  __aeabi_i2d                   
00002e63  __TI_zero_init_nomemset       
00002e7f  memccpy                       
00002e9b  copysign                      
00002e9b  copysignl                     
00002ee5  strcmp                        
00002efd  strchr                        
00002f13  strcpy                        
00002f27  strlen                        
00002f3b  wcslen                        
00002f4d  IntMasterEnable               
00002f5d  lcd_clear                     
00002f6d  __TI_decompress_none          
00002f7b  CPUcpsie                      
00002f87  ResetISR                      
00002f9d  __aeabi_errno_addr            
00002fa5  _system_pre_init              
00002fa9  C$$EXIT                       
00002fa9  abort                         
00002fac  _ctypes_                      
000030b8  __TI_Handler_Table_Base       
000030c4  __TI_Handler_Table_Limit      
000030e0  __TI_CINIT_Base               
000030f8  __TI_CINIT_Limit              
20000000  __start___llvm_prf_cnts       
20000000  __stop___llvm_prf_cnts        
20000000  g_pfnRAMVectors               
20000270  __stack                       
20000470  __STACK_TOP                   
20000a70  __STACK_END                   
20000ac4  isr_char_buffer               
20000af8  _timeout_ticks                
20000afc  button_event                  
20000b00  button_num                    
20000b04  fallingEdge                   
20000b08  isr_int_value                 
20000b0c  pulseLength                   
20000b10  risingEdge                    
20000b14  isRisingEdge                  
20000b18  isr_counter                   
20000b1c  errno                         
20000b20  _running                      
ffffffff  __TI_pprof_out_hndl           
ffffffff  __TI_prof_data_size           
ffffffff  __TI_prof_data_start          
ffffffff  __binit__                     
ffffffff  __c_args__                    
ffffffff  binit                         
UNDEFED   __mpu_init                    
UNDEFED   _system_post_cinit            

[140 symbols]
