******************************************************************************
                  TI ARM Linker PC v20.2.1                     
******************************************************************************
>> Linked Wed Oct 14 18:47:10 2020

OUTPUT FILE NAME:   <Lab2.out>
ENTRY POINT SYMBOL: "_c_int00_noargs"  address: 000036cd


MEMORY CONFIGURATION

         name            origin    length      used     unused   attr    fill
----------------------  --------  ---------  --------  --------  ----  --------
  FLASH                 00000000   00040000  00003a74  0003c58c  R  X
  SRAM                  20000000   00008000  00000f11  000070ef  RW X


SEGMENT ALLOCATION MAP

run origin  load origin   length   init length attrs members
----------  ----------- ---------- ----------- ----- -------
00000000    00000000    00003a78   00003a78    r-x
  00000000    00000000    0000026c   0000026c    r-- .intvecs
  0000026c    0000026c    000036a0   000036a0    r-x .text
  0000390c    0000390c    00000118   00000118    r-- .const
  00003a28    00003a28    00000050   00000050    r-- .cinit
20000000    20000000    00000f15   00000000    rw-
  20000000    20000000    0000026c   00000000    rw- .vtable
  20000270    20000270    00000800   00000000    rw- .stack
  20000a70    20000a70    00000400   00000000    rw- .sysmem
  20000e70    20000e70    00000070   00000000    rw- .bss
  20000ee0    20000ee0    00000035   00000000    rw- .data


SECTION ALLOCATION MAP

 output                                  attributes/
section   page    origin      length       input sections
--------  ----  ----------  ----------   ----------------
.intvecs   0    00000000    0000026c     
                  00000000    0000026c     tm4c123gh6pm_startup_ccs.obj (.intvecs)

.text      0    0000026c    000036a0     
                  0000026c    00000c20     open_interface.obj (.text)
                  00000e8c    00000a4e     rtsv7M4_T_le_v4SPD16_eabi.lib : _printfi.c.obj (.text:__TI_printfi)
                  000018da    00000002                                   : _lock.c.obj (.text:_nop)
                  000018dc    00000328     lcd.obj (.text)
                  00001c04    0000027c     movement.obj (.text)
                  00001e80    00000270     rtsv7M4_T_le_v4SPD16_eabi.lib : _printfi.c.obj (.text:_pconv_a)
                  000020f0    00000248     Timer.obj (.text)
                  00002338    000001d0     rtsv7M4_T_le_v4SPD16_eabi.lib : _printfi.c.obj (.text:_pconv_g)
                  00002508    000001b6                                   : fd_add_t2.asm.obj (.text)
                  000026be    00000002                                   : div0.asm.obj (.text)
                  000026c0    0000013c                                   : _printfi.c.obj (.text:_pconv_e)
                  000027fc    00000136                                   : fd_div_t2.asm.obj (.text)
                  00002932    00000002     --HOLE-- [fill = 0]
                  00002934    00000124                                   : _printfi.c.obj (.text:fcvt)
                  00002a58    00000110                                   : s_scalbn.c.obj (.text:scalbn)
                  00002b68    00000108                                   : memory.c.obj (.text:aligned_alloc)
                  00002c70    000000fc                                   : fd_mul_t2.asm.obj (.text)
                  00002d6c    000000e4                                   : memory.c.obj (.text:free)
                  00002e50    000000b1                                   : _printfi.c.obj (.text:_ltostr)
                  00002f01    00000001     --HOLE-- [fill = 0]
                  00002f02    0000009c                                   : memcpy_t2.asm.obj (.text)
                  00002f9e    00000096                                   : ull_div_t2.asm.obj (.text)
                  00003034    00000086                                   : fd_cmp_t2.asm.obj (.text:__aeabi_cdcmple)
                  000030ba    00000086                                   : fd_cmp_t2.asm.obj (.text:__aeabi_cdrcmple)
                  00003140    0000007a                                   : memset_t2.asm.obj (.text)
                  000031ba    00000002     --HOLE-- [fill = 0]
                  000031bc    00000070                                   : memory.c.obj (.text:split)
                  0000322c    0000006e                                   : _printfi.c.obj (.text:_mcpy)
                  0000329a    0000006e                                   : fd_tos_t2.asm.obj (.text)
                  00003308    00000068                                   : copy_decompress_lzss.c.obj (.text:decompress:lzss:__TI_decompress_lzss)
                  00003370    00000064                                   : s_frexp.c.obj (.text:frexp)
                  000033d4    00000056                                   : _printfi.c.obj (.text:_pconv_f)
                  0000342a    00000054                                   : _ltoa.c.obj (.text:__TI_ltoa)
                  0000347e    00000052                                   : _printfi.c.obj (.text:_ecpy)
                  000034d0    0000004c                                   : atoi.c.obj (.text:atoi)
                  0000351c    00000048                                   : fd_toi_t2.asm.obj (.text)
                  00003564    00000044                                   : autoinit.c.obj (.text:__TI_auto_init_nobinit_nopinit:__TI_auto_init_nobinit_nopinit)
                  000035a8    00000040                                   : vsnprintf.c.obj (.text:vsnprintf)
                  000035e8    0000003e                                   : _printfi.c.obj (.text:_fcpy)
                  00003626    00000002     --HOLE-- [fill = 0]
                  00003628    00000038                                   : memory.c.obj (.text:calloc)
                  00003660    00000038                                   : fs_tod_t2.asm.obj (.text)
                  00003698    00000034     driverlib.lib : interrupt.obj (.text:IntRegister)
                  000036cc    00000034     rtsv7M4_T_le_v4SPD16_eabi.lib : boot_cortex_m.c.obj (.text:_c_int00_noargs:_c_int00_noargs)
                  00003700    00000030                                   : vsnprintf.c.obj (.text:_outs)
                  00003730    0000002e                                   : i_tofd_t2.asm.obj (.text)
                  0000375e    00000002     --HOLE-- [fill = 0]
                  00003760    00000028                                   : memory.c.obj (.text:free_list_insert)
                  00003788    0000001e     main.obj (.text)
                  000037a6    0000001c     rtsv7M4_T_le_v4SPD16_eabi.lib : copy_zero_init.c.obj (.text:decompress:ZI:__TI_zero_init_nomemset:__TI_zero_init_nomemset)
                  000037c2    00000002     --HOLE-- [fill = 0]
                  000037c4    0000001c                                   : memory.c.obj (.text:free_list_remove)
                  000037e0    0000001c                                   : memccpy.c.obj (.text:memccpy)
                  000037fc    0000001a                                   : s_copysign.c.obj (.text:copysign)
                  00003816    00000018                                   : vsnprintf.c.obj (.text:_outc)
                  0000382e    00000018     open_interface.obj (.text:oi_parseInt)
                  00003846    00000018     rtsv7M4_T_le_v4SPD16_eabi.lib : strcmp.c.obj (.text:strcmp)
                  0000385e    00000016                                   : strchr.c.obj (.text:strchr)
                  00003874    00000014                                   : strcpy.c.obj (.text:strcpy)
                  00003888    00000014                                   : strlen.c.obj (.text:strlen)
                  0000389c    00000012                                   : wcslen.c.obj (.text:wcslen)
                  000038ae    00000010     driverlib.lib : interrupt.obj (.text:IntMasterEnable)
                  000038be    00000010     lcd.obj (.text:lcd_clear)
                  000038ce    0000000e     rtsv7M4_T_le_v4SPD16_eabi.lib : copy_decompress_none.c.obj (.text:decompress:none:__TI_decompress_none)
                  000038dc    0000000c     driverlib.lib : cpu.obj (.text:CPUcpsie)
                  000038e8    0000000c     tm4c123gh6pm_startup_ccs.obj (.text)
                  000038f4    00000008     rtsv7M4_T_le_v4SPD16_eabi.lib : errno.c.obj (.text:__aeabi_errno_addr)
                  000038fc    00000008                                   : memory.c.obj (.text:malloc)
                  00003904    00000004                                   : pre_init.c.obj (.text:_system_pre_init)
                  00003908    00000004                                   : exit.c.obj (.text:abort:abort)

.const     0    0000390c    00000118     
                  0000390c    00000101     rtsv7M4_T_le_v4SPD16_eabi.lib : ctype.c.obj (.const:.string:_ctypes_)
                  00003a0d    0000000f     open_interface.obj (.const:.string:$P$T0$3)
                  00003a1c    00000004     lcd.obj (.const:.string:lineAddress$1)
                  00003a20    00000004     lcd.obj (.const:.string:lineAddresses$2)

.cinit     0    00003a28    00000050     
                  00003a28    00000018     (.cinit..data.load) [load image, compression = lzss]
                  00003a40    0000000c     (__TI_handler_table)
                  00003a4c    00000004     --HOLE-- [fill = 0]
                  00003a50    00000008     (.cinit..bss.load) [load image, compression = zero_init]
                  00003a58    00000008     (.cinit..vtable.load) [load image, compression = zero_init]
                  00003a60    00000018     (__TI_cinit_table)

.init_array 
*          0    00000000    00000000     UNINITIALIZED

.vtable    0    20000000    0000026c     UNINITIALIZED
                  20000000    0000026c     driverlib.lib : interrupt.obj (.vtable)

.stack     0    20000270    00000800     UNINITIALIZED
                  20000270    00000004     rtsv7M4_T_le_v4SPD16_eabi.lib : boot_cortex_m.c.obj (.stack)
                  20000274    000007fc     --HOLE--

.sysmem    0    20000a70    00000400     UNINITIALIZED
                  20000a70    00000010     rtsv7M4_T_le_v4SPD16_eabi.lib : memory.c.obj (.sysmem)
                  20000a80    000003f0     --HOLE--

.bss       0    20000e70    00000070     UNINITIALIZED
                  20000e70    00000054     lcd.obj (.bss:lastbuffer$3)
                  20000ec4    00000018     open_interface.obj (.bss:firmware$2)
                  20000edc    00000004     (.common:_timeout_ticks)

.data      0    20000ee0    00000035     UNINITIALIZED
                  20000ee0    00000020     open_interface.obj (.data)
                  20000f00    00000008     rtsv7M4_T_le_v4SPD16_eabi.lib : _lock.c.obj (.data:$O1$$)
                  20000f08    00000008                                   : memory.c.obj (.data:$O1$$)
                  20000f10    00000004                                   : errno.c.obj (.data)
                  20000f14    00000001     Timer.obj (.data)

__llvm_prf_cnts 
*          0    20000000    00000000     UNINITIALIZED

MODULE SUMMARY

       Module                         code    ro data   rw data
       ------                         ----    -------   -------
    .\
       open_interface.obj             3128    15        56     
       lcd.obj                        824     8         84     
       movement.obj                   636     0         0      
       tm4c123gh6pm_startup_ccs.obj   12      620       0      
       Timer.obj                      584     0         5      
       main.obj                       30      0         0      
    +--+------------------------------+-------+---------+---------+
       Total:                         5214    643       145    
                                                               
    C:/ti/TivaWare_C_Series-2.1.4.178/driverlib/ccs/Debug/driverlib.lib
       interrupt.obj                  68      0         620    
       cpu.obj                        12      0         0      
    +--+------------------------------+-------+---------+---------+
       Total:                         80      0         620    
                                                               
    C:\ti\ccs1010\ccs\tools\compiler\ti-cgt-arm_20.2.1.LTS\lib\rtsv7M4_T_le_v4SPD16_eabi.lib
       _printfi.c.obj                 4851    0         0      
       memory.c.obj                   736     0         8      
       fd_add_t2.asm.obj              438     0         0      
       fd_div_t2.asm.obj              310     0         0      
       s_scalbn.c.obj                 272     0         0      
       fd_cmp_t2.asm.obj              268     0         0      
       ctype.c.obj                    0       257       0      
       fd_mul_t2.asm.obj              252     0         0      
       memcpy_t2.asm.obj              156     0         0      
       ull_div_t2.asm.obj             150     0         0      
       vsnprintf.c.obj                136     0         0      
       memset_t2.asm.obj              122     0         0      
       fd_tos_t2.asm.obj              110     0         0      
       copy_decompress_lzss.c.obj     104     0         0      
       s_frexp.c.obj                  100     0         0      
       _ltoa.c.obj                    84      0         0      
       atoi.c.obj                     76      0         0      
       fd_toi_t2.asm.obj              72      0         0      
       autoinit.c.obj                 68      0         0      
       fs_tod_t2.asm.obj              56      0         0      
       boot_cortex_m.c.obj            52      0         0      
       i_tofd_t2.asm.obj              46      0         0      
       copy_zero_init.c.obj           28      0         0      
       memccpy.c.obj                  28      0         0      
       s_copysign.c.obj               26      0         0      
       strcmp.c.obj                   24      0         0      
       strchr.c.obj                   22      0         0      
       strcpy.c.obj                   20      0         0      
       strlen.c.obj                   20      0         0      
       wcslen.c.obj                   18      0         0      
       copy_decompress_none.c.obj     14      0         0      
       errno.c.obj                    8       0         4      
       _lock.c.obj                    2       0         8      
       exit.c.obj                     4       0         0      
       pre_init.c.obj                 4       0         0      
       div0.asm.obj                   2       0         0      
    +--+------------------------------+-------+---------+---------+
       Total:                         8679    257       20     
                                                               
       Heap:                          0       0         1024   
       Stack:                         0       0         2048   
       Linker Generated:              0       76        0      
    +--+------------------------------+-------+---------+---------+
       Grand Total:                   13973   976       3857   


LINKER GENERATED COPY TABLES

__TI_cinit_table @ 00003a60 records: 3, size/record: 8, table size: 24
	.data: load addr=00003a28, load size=00000018 bytes, run addr=20000ee0, run size=00000035 bytes, compression=lzss
	.bss: load addr=00003a50, load size=00000008 bytes, run addr=20000e70, run size=00000070 bytes, compression=zero_init
	.vtable: load addr=00003a58, load size=00000008 bytes, run addr=20000000, run size=0000026c bytes, compression=zero_init


LINKER GENERATED HANDLER TABLE

__TI_handler_table @ 00003a40 records: 3, size/record: 4, table size: 12
	index: 0, handler: __TI_zero_init
	index: 1, handler: __TI_decompress_lzss
	index: 2, handler: __TI_decompress_none


GLOBAL SYMBOLS: SORTED ALPHABETICALLY BY Name 

address   name                          
-------   ----                          
00003909  C$$EXIT                       
000038dd  CPUcpsie                      
00000bc3  GPIOF_Handler                 
000038af  IntMasterEnable               
00003699  IntRegister                   
000038e9  ResetISR                      
20000a70  __STACK_END                   
00000800  __STACK_SIZE                  
20000470  __STACK_TOP                   
00000400  __SYSMEM_SIZE                 
00003a60  __TI_CINIT_Base               
00003a78  __TI_CINIT_Limit              
00003a40  __TI_Handler_Table_Base       
00003a4c  __TI_Handler_Table_Limit      
00003565  __TI_auto_init_nobinit_nopinit
00003309  __TI_decompress_lzss          
000038cf  __TI_decompress_none          
0000342b  __TI_ltoa                     
ffffffff  __TI_pprof_out_hndl           
00000e8d  __TI_printfi                  
ffffffff  __TI_prof_data_size           
ffffffff  __TI_prof_data_start          
00000000  __TI_static_base__            
000037a7  __TI_zero_init_nomemset       
00003035  __aeabi_cdcmpeq               
00003035  __aeabi_cdcmple               
000030bb  __aeabi_cdrcmple              
0000329b  __aeabi_d2f                   
0000351d  __aeabi_d2iz                  
00002513  __aeabi_dadd                  
000027fd  __aeabi_ddiv                  
00002c71  __aeabi_dmul                  
00002509  __aeabi_dsub                  
000038f5  __aeabi_errno_addr            
00003661  __aeabi_f2d                   
00003731  __aeabi_i2d                   
000026bf  __aeabi_idiv0                 
000026bf  __aeabi_ldiv0                 
00003141  __aeabi_memclr                
00003141  __aeabi_memclr4               
00003141  __aeabi_memclr8               
00002f03  __aeabi_memcpy                
00002f03  __aeabi_memcpy4               
00002f03  __aeabi_memcpy8               
00003143  __aeabi_memset                
00003143  __aeabi_memset4               
00003143  __aeabi_memset8               
00002f9f  __aeabi_uldivmod              
ffffffff  __binit__                     
ffffffff  __c_args__                    
UNDEFED   __mpu_init                    
20000270  __stack                       
20000000  __start___llvm_prf_cnts       
20000000  __stop___llvm_prf_cnts        
000036cd  _c_int00_noargs               
0000390c  _ctypes_                      
20000f00  _lock                         
000018db  _nop                          
20000f14  _running                      
20000a70  _sys_memory                   
UNDEFED   _system_post_cinit            
00003905  _system_pre_init              
20000edc  _timeout_ticks                
20000f04  _unlock                       
00003909  abort                         
00002b69  aligned_alloc                 
000034d1  atoi                          
ffffffff  binit                         
00003629  calloc                        
000037fd  copysign                      
000037fd  copysignl                     
20000f10  errno                         
00001c05  forward                       
00002d6d  free                          
00003371  frexp                         
00003371  frexpl                        
20000000  g_pfnRAMVectors               
00000000  g_pfnVectors                  
0000097f  go_charge                     
000038bf  lcd_clear                     
00001ab1  lcd_gotoLine                  
00001919  lcd_init                      
00001b17  lcd_printf                    
000019d9  lcd_putc                      
00001a11  lcd_puts                      
000018dd  lcd_reverseNibble             
00001a2f  lcd_sendCommand               
00001a6d  lcd_sendNibble                
00001ad9  lcd_setCursorPos              
00002a59  ldexp                         
00002a59  ldexpl                        
00003789  main                          
000038fd  malloc                        
00002b69  memalign                      
000037e1  memccpy                       
00002f03  memcpy                        
00003149  memset                        
20000ee0  motor_cal_factor_L            
20000ee4  motor_cal_factor_R            
00001d6f  moveWithOb                    
0000026d  oi_alloc                      
00000aa9  oi_checkFirmware              
000002c7  oi_close                      
00000279  oi_free                       
00000ded  oi_getMotorCalibrationLeft    
00000e01  oi_getMotorCalibrationRight   
000002b1  oi_init                       
00000289  oi_init_noupdate              
00000915  oi_loadSong                   
0000382f  oi_parseInt                   
0000032b  oi_parsePacket                
0000096b  oi_play_song                  
0000084b  oi_setLeds                    
00000db1  oi_setMotorCalibration        
0000088f  oi_setWheels                  
00000b51  oi_shutoff_init               
0000098d  oi_uartInit                   
00000a31  oi_uartReceive                
00000a77  oi_uartSendBuff               
00000a15  oi_uartSendChar               
00000a59  oi_uartSendStr                
000002d9  oi_update                     
00002a59  scalbn                        
00002a59  scalbnl                       
0000385f  strchr                        
00003847  strcmp                        
00003875  strcpy                        
00003889  strlen                        
0000220f  timer_getMicros               
000021b7  timer_getMillis               
000020f1  timer_init                    
00002193  timer_pause                   
000021a5  timer_resume                  
00002169  timer_stop                    
00002269  timer_waitMicros              
0000229b  timer_waitMillis              
00001d01  turn                          
000035a9  vsnprintf                     
0000389d  wcslen                        


GLOBAL SYMBOLS: SORTED BY Symbol Address 

address   name                          
-------   ----                          
00000000  __TI_static_base__            
00000000  g_pfnVectors                  
0000026d  oi_alloc                      
00000279  oi_free                       
00000289  oi_init_noupdate              
000002b1  oi_init                       
000002c7  oi_close                      
000002d9  oi_update                     
0000032b  oi_parsePacket                
00000400  __SYSMEM_SIZE                 
00000800  __STACK_SIZE                  
0000084b  oi_setLeds                    
0000088f  oi_setWheels                  
00000915  oi_loadSong                   
0000096b  oi_play_song                  
0000097f  go_charge                     
0000098d  oi_uartInit                   
00000a15  oi_uartSendChar               
00000a31  oi_uartReceive                
00000a59  oi_uartSendStr                
00000a77  oi_uartSendBuff               
00000aa9  oi_checkFirmware              
00000b51  oi_shutoff_init               
00000bc3  GPIOF_Handler                 
00000db1  oi_setMotorCalibration        
00000ded  oi_getMotorCalibrationLeft    
00000e01  oi_getMotorCalibrationRight   
00000e8d  __TI_printfi                  
000018db  _nop                          
000018dd  lcd_reverseNibble             
00001919  lcd_init                      
000019d9  lcd_putc                      
00001a11  lcd_puts                      
00001a2f  lcd_sendCommand               
00001a6d  lcd_sendNibble                
00001ab1  lcd_gotoLine                  
00001ad9  lcd_setCursorPos              
00001b17  lcd_printf                    
00001c05  forward                       
00001d01  turn                          
00001d6f  moveWithOb                    
000020f1  timer_init                    
00002169  timer_stop                    
00002193  timer_pause                   
000021a5  timer_resume                  
000021b7  timer_getMillis               
0000220f  timer_getMicros               
00002269  timer_waitMicros              
0000229b  timer_waitMillis              
00002509  __aeabi_dsub                  
00002513  __aeabi_dadd                  
000026bf  __aeabi_idiv0                 
000026bf  __aeabi_ldiv0                 
000027fd  __aeabi_ddiv                  
00002a59  ldexp                         
00002a59  ldexpl                        
00002a59  scalbn                        
00002a59  scalbnl                       
00002b69  aligned_alloc                 
00002b69  memalign                      
00002c71  __aeabi_dmul                  
00002d6d  free                          
00002f03  __aeabi_memcpy                
00002f03  __aeabi_memcpy4               
00002f03  __aeabi_memcpy8               
00002f03  memcpy                        
00002f9f  __aeabi_uldivmod              
00003035  __aeabi_cdcmpeq               
00003035  __aeabi_cdcmple               
000030bb  __aeabi_cdrcmple              
00003141  __aeabi_memclr                
00003141  __aeabi_memclr4               
00003141  __aeabi_memclr8               
00003143  __aeabi_memset                
00003143  __aeabi_memset4               
00003143  __aeabi_memset8               
00003149  memset                        
0000329b  __aeabi_d2f                   
00003309  __TI_decompress_lzss          
00003371  frexp                         
00003371  frexpl                        
0000342b  __TI_ltoa                     
000034d1  atoi                          
0000351d  __aeabi_d2iz                  
00003565  __TI_auto_init_nobinit_nopinit
000035a9  vsnprintf                     
00003629  calloc                        
00003661  __aeabi_f2d                   
00003699  IntRegister                   
000036cd  _c_int00_noargs               
00003731  __aeabi_i2d                   
00003789  main                          
000037a7  __TI_zero_init_nomemset       
000037e1  memccpy                       
000037fd  copysign                      
000037fd  copysignl                     
0000382f  oi_parseInt                   
00003847  strcmp                        
0000385f  strchr                        
00003875  strcpy                        
00003889  strlen                        
0000389d  wcslen                        
000038af  IntMasterEnable               
000038bf  lcd_clear                     
000038cf  __TI_decompress_none          
000038dd  CPUcpsie                      
000038e9  ResetISR                      
000038f5  __aeabi_errno_addr            
000038fd  malloc                        
00003905  _system_pre_init              
00003909  C$$EXIT                       
00003909  abort                         
0000390c  _ctypes_                      
00003a40  __TI_Handler_Table_Base       
00003a4c  __TI_Handler_Table_Limit      
00003a60  __TI_CINIT_Base               
00003a78  __TI_CINIT_Limit              
20000000  __start___llvm_prf_cnts       
20000000  __stop___llvm_prf_cnts        
20000000  g_pfnRAMVectors               
20000270  __stack                       
20000470  __STACK_TOP                   
20000a70  __STACK_END                   
20000a70  _sys_memory                   
20000edc  _timeout_ticks                
20000ee0  motor_cal_factor_L            
20000ee4  motor_cal_factor_R            
20000f00  _lock                         
20000f04  _unlock                       
20000f10  errno                         
20000f14  _running                      
ffffffff  __TI_pprof_out_hndl           
ffffffff  __TI_prof_data_size           
ffffffff  __TI_prof_data_start          
ffffffff  __binit__                     
ffffffff  __c_args__                    
ffffffff  binit                         
UNDEFED   __mpu_init                    
UNDEFED   _system_post_cinit            

[139 symbols]
