******************************************************************************
                  TI ARM Linker PC v20.2.1                     
******************************************************************************
>> Linked Thu Oct 29 11:46:07 2020

OUTPUT FILE NAME:   <Lab 9.out>
ENTRY POINT SYMBOL: "_c_int00_noargs"  address: 0000281d


MEMORY CONFIGURATION

         name            origin    length      used     unused   attr    fill
----------------------  --------  ---------  --------  --------  ----  --------
  FLASH                 00000000   00040000  00002b05  0003d4fb  R  X
  SRAM                  20000000   00008000  00000ad2  0000752e  RW X


SEGMENT ALLOCATION MAP

run origin  load origin   length   init length attrs members
----------  ----------- ---------- ----------- ----- -------
00000000    00000000    00002b08   00002b08    r-x
  00000000    00000000    0000026c   0000026c    r-- .intvecs
  0000026c    0000026c    00002750   00002750    r-x .text
  000029bc    000029bc    00000109   00000109    r-- .const
  00002ac8    00002ac8    00000040   00000040    r-- .cinit
20000000    20000000    00000ad6   00000000    rw-
  20000000    20000000    0000026c   00000000    rw- .vtable
  20000270    20000270    00000800   00000000    rw- .stack
  20000a70    20000a70    00000058   00000000    rw- .bss
  20000ac8    20000ac8    0000000e   00000000    rw- .data


SECTION ALLOCATION MAP

 output                                  attributes/
section   page    origin      length       input sections
--------  ----  ----------  ----------   ----------------
.intvecs   0    00000000    0000026c     
                  00000000    0000026c     tm4c123gh6pm_startup_ccs.obj (.intvecs)

.text      0    0000026c    00002750     
                  0000026c    00000a4e     rtsv7M4_T_le_v4SPD16_eabi.lib : _printfi.c.obj (.text:__TI_printfi)
                  00000cba    00000002                                   : div0.asm.obj (.text)
                  00000cbc    00000328     lcd.obj (.text)
                  00000fe4    00000270     rtsv7M4_T_le_v4SPD16_eabi.lib : _printfi.c.obj (.text:_pconv_a)
                  00001254    00000248     Timer.obj (.text)
                  0000149c    000001dc     servo.obj (.text)
                  00001678    000001d0     rtsv7M4_T_le_v4SPD16_eabi.lib : _printfi.c.obj (.text:_pconv_g)
                  00001848    000001b6                                   : fd_add_t2.asm.obj (.text)
                  000019fe    00000002     --HOLE-- [fill = 0]
                  00001a00    0000013c                                   : _printfi.c.obj (.text:_pconv_e)
                  00001b3c    00000136                                   : fd_div_t2.asm.obj (.text)
                  00001c72    00000002     --HOLE-- [fill = 0]
                  00001c74    00000124                                   : _printfi.c.obj (.text:fcvt)
                  00001d98    00000110                                   : s_scalbn.c.obj (.text:scalbn)
                  00001ea8    000000fc                                   : fd_mul_t2.asm.obj (.text)
                  00001fa4    000000b1                                   : _printfi.c.obj (.text:_ltostr)
                  00002055    00000003     --HOLE-- [fill = 0]
                  00002058    000000a0     button.obj (.text)
                  000020f8    0000009c     rtsv7M4_T_le_v4SPD16_eabi.lib : memcpy_t2.asm.obj (.text)
                  00002194    00000096                                   : ull_div_t2.asm.obj (.text)
                  0000222a    00000086                                   : fd_cmp_t2.asm.obj (.text:__aeabi_cdcmple)
                  000022b0    00000086                                   : fd_cmp_t2.asm.obj (.text:__aeabi_cdrcmple)
                  00002336    0000007a                                   : memset_t2.asm.obj (.text)
                  000023b0    00000070     main.obj (.text)
                  00002420    0000006e     rtsv7M4_T_le_v4SPD16_eabi.lib : _printfi.c.obj (.text:_mcpy)
                  0000248e    00000068                                   : copy_decompress_lzss.c.obj (.text:decompress:lzss:__TI_decompress_lzss)
                  000024f6    00000002     --HOLE-- [fill = 0]
                  000024f8    00000064                                   : s_frexp.c.obj (.text:frexp)
                  0000255c    00000056                                   : _printfi.c.obj (.text:_pconv_f)
                  000025b2    00000054                                   : _ltoa.c.obj (.text:__TI_ltoa)
                  00002606    00000052                                   : _printfi.c.obj (.text:_ecpy)
                  00002658    0000004c                                   : atoi.c.obj (.text:atoi)
                  000026a4    00000048                                   : fd_toi_t2.asm.obj (.text)
                  000026ec    00000044                                   : autoinit.c.obj (.text:__TI_auto_init_nobinit_nopinit:__TI_auto_init_nobinit_nopinit)
                  00002730    00000040                                   : vsnprintf.c.obj (.text:vsnprintf)
                  00002770    0000003e                                   : _printfi.c.obj (.text:_fcpy)
                  000027ae    00000038                                   : fs_tod_t2.asm.obj (.text)
                  000027e6    00000002     --HOLE-- [fill = 0]
                  000027e8    00000034     driverlib.lib : interrupt.obj (.text:IntRegister)
                  0000281c    00000034     rtsv7M4_T_le_v4SPD16_eabi.lib : boot_cortex_m.c.obj (.text:_c_int00_noargs:_c_int00_noargs)
                  00002850    00000030                                   : vsnprintf.c.obj (.text:_outs)
                  00002880    0000002e                                   : i_tofd_t2.asm.obj (.text)
                  000028ae    0000001c                                   : copy_zero_init.c.obj (.text:decompress:ZI:__TI_zero_init_nomemset:__TI_zero_init_nomemset)
                  000028ca    0000001c                                   : memccpy.c.obj (.text:memccpy)
                  000028e6    0000001a                                   : s_copysign.c.obj (.text:copysign)
                  00002900    00000018                                   : vsnprintf.c.obj (.text:_outc)
                  00002918    00000018                                   : strcmp.c.obj (.text:strcmp)
                  00002930    00000016                                   : strchr.c.obj (.text:strchr)
                  00002946    00000014                                   : strcpy.c.obj (.text:strcpy)
                  0000295a    00000014                                   : strlen.c.obj (.text:strlen)
                  0000296e    00000012                                   : wcslen.c.obj (.text:wcslen)
                  00002980    00000010     lcd.obj (.text:lcd_clear)
                  00002990    0000000e     rtsv7M4_T_le_v4SPD16_eabi.lib : copy_decompress_none.c.obj (.text:decompress:none:__TI_decompress_none)
                  0000299e    0000000c     tm4c123gh6pm_startup_ccs.obj (.text)
                  000029aa    00000002     --HOLE-- [fill = 0]
                  000029ac    00000008     rtsv7M4_T_le_v4SPD16_eabi.lib : errno.c.obj (.text:__aeabi_errno_addr)
                  000029b4    00000004                                   : pre_init.c.obj (.text:_system_pre_init)
                  000029b8    00000004                                   : exit.c.obj (.text:abort:abort)

.const     0    000029bc    00000109     
                  000029bc    00000101     rtsv7M4_T_le_v4SPD16_eabi.lib : ctype.c.obj (.const:.string:_ctypes_)
                  00002abd    00000004     lcd.obj (.const:.string:lineAddress$1)
                  00002ac1    00000004     lcd.obj (.const:.string:lineAddresses$2)

.cinit     0    00002ac8    00000040     
                  00002ac8    0000000c     (__TI_handler_table)
                  00002ad4    00000004     --HOLE-- [fill = 0]
                  00002ad8    00000008     (.cinit..bss.load) [load image, compression = zero_init]
                  00002ae0    00000008     (.cinit..data.load) [load image, compression = lzss]
                  00002ae8    00000008     (.cinit..vtable.load) [load image, compression = zero_init]
                  00002af0    00000018     (__TI_cinit_table)

.init_array 
*          0    00000000    00000000     UNINITIALIZED

.vtable    0    20000000    0000026c     UNINITIALIZED
                  20000000    0000026c     driverlib.lib : interrupt.obj (.vtable)

.bss       0    20000a70    00000058     UNINITIALIZED
                  20000a70    00000054     lcd.obj (.bss:lastbuffer$3)
                  20000ac4    00000004     (.common:_timeout_ticks)

.data      0    20000ac8    0000000e     UNINITIALIZED
                  20000ac8    00000008     servo.obj (.data)
                  20000ad0    00000004     rtsv7M4_T_le_v4SPD16_eabi.lib : errno.c.obj (.data)
                  20000ad4    00000001     Timer.obj (.data)
                  20000ad5    00000001     button.obj (.data)

.stack     0    20000270    00000800     UNINITIALIZED
                  20000270    00000004     rtsv7M4_T_le_v4SPD16_eabi.lib : boot_cortex_m.c.obj (.stack)
                  20000274    000007fc     --HOLE--

__llvm_prf_cnts 
*          0    20000000    00000000     UNINITIALIZED

MODULE SUMMARY

       Module                         code    ro data   rw data
       ------                         ----    -------   -------
    .\
       lcd.obj                        824     8         84     
       tm4c123gh6pm_startup_ccs.obj   12      620       0      
       Timer.obj                      584     0         5      
       servo.obj                      476     0         8      
       button.obj                     160     0         1      
       main.obj                       112     0         0      
    +--+------------------------------+-------+---------+---------+
       Total:                         2168    628       98     
                                                               
    C:/ti/TivaWare_C_Series-2.1.4.178/driverlib/ccs/Debug/driverlib.lib
       interrupt.obj                  52      0         620    
    +--+------------------------------+-------+---------+---------+
       Total:                         52      0         620    
                                                               
    C:\ti\ccs1010\ccs\tools\compiler\ti-cgt-arm_20.2.1.LTS\lib\rtsv7M4_T_le_v4SPD16_eabi.lib
       _printfi.c.obj                 4851    0         0      
       fd_add_t2.asm.obj              438     0         0      
       fd_div_t2.asm.obj              310     0         0      
       s_scalbn.c.obj                 272     0         0      
       fd_cmp_t2.asm.obj              268     0         0      
       ctype.c.obj                    0       257       0      
       fd_mul_t2.asm.obj              252     0         0      
       memcpy_t2.asm.obj              156     0         0      
       ull_div_t2.asm.obj             150     0         0      
       vsnprintf.c.obj                136     0         0      
       memset_t2.asm.obj              122     0         0      
       copy_decompress_lzss.c.obj     104     0         0      
       s_frexp.c.obj                  100     0         0      
       _ltoa.c.obj                    84      0         0      
       atoi.c.obj                     76      0         0      
       fd_toi_t2.asm.obj              72      0         0      
       autoinit.c.obj                 68      0         0      
       fs_tod_t2.asm.obj              56      0         0      
       boot_cortex_m.c.obj            52      0         0      
       i_tofd_t2.asm.obj              46      0         0      
       copy_zero_init.c.obj           28      0         0      
       memccpy.c.obj                  28      0         0      
       s_copysign.c.obj               26      0         0      
       strcmp.c.obj                   24      0         0      
       strchr.c.obj                   22      0         0      
       strcpy.c.obj                   20      0         0      
       strlen.c.obj                   20      0         0      
       wcslen.c.obj                   18      0         0      
       copy_decompress_none.c.obj     14      0         0      
       errno.c.obj                    8       0         4      
       exit.c.obj                     4       0         0      
       pre_init.c.obj                 4       0         0      
       div0.asm.obj                   2       0         0      
    +--+------------------------------+-------+---------+---------+
       Total:                         7831    257       4      
                                                               
       Stack:                         0       0         2048   
       Linker Generated:              0       60        0      
    +--+------------------------------+-------+---------+---------+
       Grand Total:                   10051   945       2770   


LINKER GENERATED COPY TABLES

__TI_cinit_table @ 00002af0 records: 3, size/record: 8, table size: 24
	.bss: load addr=00002ad8, load size=00000008 bytes, run addr=20000a70, run size=00000058 bytes, compression=zero_init
	.data: load addr=00002ae0, load size=00000008 bytes, run addr=20000ac8, run size=0000000e bytes, compression=lzss
	.vtable: load addr=00002ae8, load size=00000008 bytes, run addr=20000000, run size=0000026c bytes, compression=zero_init


LINKER GENERATED HANDLER TABLE

__TI_handler_table @ 00002ac8 records: 3, size/record: 4, table size: 12
	index: 0, handler: __TI_zero_init
	index: 1, handler: __TI_decompress_lzss
	index: 2, handler: __TI_decompress_none


GLOBAL SYMBOLS: SORTED ALPHABETICALLY BY Name 

address   name                          
-------   ----                          
000029b9  C$$EXIT                       
20000ac8  CLOCKWISE                     
20000acc  DEGREES                       
000027e9  IntRegister                   
0000299f  ResetISR                      
20000a70  __STACK_END                   
00000800  __STACK_SIZE                  
20000470  __STACK_TOP                   
00002af0  __TI_CINIT_Base               
00002b08  __TI_CINIT_Limit              
00002ac8  __TI_Handler_Table_Base       
00002ad4  __TI_Handler_Table_Limit      
000026ed  __TI_auto_init_nobinit_nopinit
0000248f  __TI_decompress_lzss          
00002991  __TI_decompress_none          
000025b3  __TI_ltoa                     
ffffffff  __TI_pprof_out_hndl           
0000026d  __TI_printfi                  
ffffffff  __TI_prof_data_size           
ffffffff  __TI_prof_data_start          
00000000  __TI_static_base__            
000028af  __TI_zero_init_nomemset       
0000222b  __aeabi_cdcmpeq               
0000222b  __aeabi_cdcmple               
000022b1  __aeabi_cdrcmple              
000026a5  __aeabi_d2iz                  
00001853  __aeabi_dadd                  
00001b3d  __aeabi_ddiv                  
00001ea9  __aeabi_dmul                  
00001849  __aeabi_dsub                  
000029ad  __aeabi_errno_addr            
000027af  __aeabi_f2d                   
00002881  __aeabi_i2d                   
00000cbb  __aeabi_idiv0                 
00000cbb  __aeabi_ldiv0                 
00002337  __aeabi_memclr                
00002337  __aeabi_memclr4               
00002337  __aeabi_memclr8               
000020f9  __aeabi_memcpy                
000020f9  __aeabi_memcpy4               
000020f9  __aeabi_memcpy8               
00002339  __aeabi_memset                
00002339  __aeabi_memset4               
00002339  __aeabi_memset8               
00002195  __aeabi_uldivmod              
ffffffff  __binit__                     
ffffffff  __c_args__                    
UNDEFED   __mpu_init                    
20000270  __stack                       
20000000  __start___llvm_prf_cnts       
20000000  __stop___llvm_prf_cnts        
0000281d  _c_int00_noargs               
000029bc  _ctypes_                      
20000ad4  _running                      
UNDEFED   _system_post_cinit            
000029b5  _system_pre_init              
20000ac4  _timeout_ticks                
000029b9  abort                         
00002659  atoi                          
ffffffff  binit                         
00002087  button_getButton              
00002059  button_init                   
000028e7  copysign                      
000028e7  copysignl                     
20000ad0  errno                         
000024f9  frexp                         
000024f9  frexpl                        
20000000  g_pfnRAMVectors               
00000000  g_pfnVectors                  
00002981  lcd_clear                     
00000e91  lcd_gotoLine                  
00000cf9  lcd_init                      
00000ef7  lcd_printf                    
00000db9  lcd_putc                      
00000df1  lcd_puts                      
00000cbd  lcd_reverseNibble             
00000e0f  lcd_sendCommand               
00000e4d  lcd_sendNibble                
00000eb9  lcd_setCursorPos              
00001d99  ldexp                         
00001d99  ldexpl                        
000023b1  main                          
000028cb  memccpy                       
000020f9  memcpy                        
0000233f  memset                        
00001561  print_function                
00001d99  scalbn                        
00001d99  scalbnl                       
0000152b  server_set                    
0000149d  servo_init                    
00001593  servo_move                    
00001585  set_CLOCKWISE                 
00002931  strchr                        
00002919  strcmp                        
00002947  strcpy                        
0000295b  strlen                        
00001373  timer_getMicros               
0000131b  timer_getMillis               
00001255  timer_init                    
000012f7  timer_pause                   
00001309  timer_resume                  
000012cd  timer_stop                    
000013cd  timer_waitMicros              
000013ff  timer_waitMillis              
00002731  vsnprintf                     
0000296f  wcslen                        


GLOBAL SYMBOLS: SORTED BY Symbol Address 

address   name                          
-------   ----                          
00000000  __TI_static_base__            
00000000  g_pfnVectors                  
0000026d  __TI_printfi                  
00000800  __STACK_SIZE                  
00000cbb  __aeabi_idiv0                 
00000cbb  __aeabi_ldiv0                 
00000cbd  lcd_reverseNibble             
00000cf9  lcd_init                      
00000db9  lcd_putc                      
00000df1  lcd_puts                      
00000e0f  lcd_sendCommand               
00000e4d  lcd_sendNibble                
00000e91  lcd_gotoLine                  
00000eb9  lcd_setCursorPos              
00000ef7  lcd_printf                    
00001255  timer_init                    
000012cd  timer_stop                    
000012f7  timer_pause                   
00001309  timer_resume                  
0000131b  timer_getMillis               
00001373  timer_getMicros               
000013cd  timer_waitMicros              
000013ff  timer_waitMillis              
0000149d  servo_init                    
0000152b  server_set                    
00001561  print_function                
00001585  set_CLOCKWISE                 
00001593  servo_move                    
00001849  __aeabi_dsub                  
00001853  __aeabi_dadd                  
00001b3d  __aeabi_ddiv                  
00001d99  ldexp                         
00001d99  ldexpl                        
00001d99  scalbn                        
00001d99  scalbnl                       
00001ea9  __aeabi_dmul                  
00002059  button_init                   
00002087  button_getButton              
000020f9  __aeabi_memcpy                
000020f9  __aeabi_memcpy4               
000020f9  __aeabi_memcpy8               
000020f9  memcpy                        
00002195  __aeabi_uldivmod              
0000222b  __aeabi_cdcmpeq               
0000222b  __aeabi_cdcmple               
000022b1  __aeabi_cdrcmple              
00002337  __aeabi_memclr                
00002337  __aeabi_memclr4               
00002337  __aeabi_memclr8               
00002339  __aeabi_memset                
00002339  __aeabi_memset4               
00002339  __aeabi_memset8               
0000233f  memset                        
000023b1  main                          
0000248f  __TI_decompress_lzss          
000024f9  frexp                         
000024f9  frexpl                        
000025b3  __TI_ltoa                     
00002659  atoi                          
000026a5  __aeabi_d2iz                  
000026ed  __TI_auto_init_nobinit_nopinit
00002731  vsnprintf                     
000027af  __aeabi_f2d                   
000027e9  IntRegister                   
0000281d  _c_int00_noargs               
00002881  __aeabi_i2d                   
000028af  __TI_zero_init_nomemset       
000028cb  memccpy                       
000028e7  copysign                      
000028e7  copysignl                     
00002919  strcmp                        
00002931  strchr                        
00002947  strcpy                        
0000295b  strlen                        
0000296f  wcslen                        
00002981  lcd_clear                     
00002991  __TI_decompress_none          
0000299f  ResetISR                      
000029ad  __aeabi_errno_addr            
000029b5  _system_pre_init              
000029b9  C$$EXIT                       
000029b9  abort                         
000029bc  _ctypes_                      
00002ac8  __TI_Handler_Table_Base       
00002ad4  __TI_Handler_Table_Limit      
00002af0  __TI_CINIT_Base               
00002b08  __TI_CINIT_Limit              
20000000  __start___llvm_prf_cnts       
20000000  __stop___llvm_prf_cnts        
20000000  g_pfnRAMVectors               
20000270  __stack                       
20000470  __STACK_TOP                   
20000a70  __STACK_END                   
20000ac4  _timeout_ticks                
20000ac8  CLOCKWISE                     
20000acc  DEGREES                       
20000ad0  errno                         
20000ad4  _running                      
ffffffff  __TI_pprof_out_hndl           
ffffffff  __TI_prof_data_size           
ffffffff  __TI_prof_data_start          
ffffffff  __binit__                     
ffffffff  __c_args__                    
ffffffff  binit                         
UNDEFED   __mpu_init                    
UNDEFED   _system_post_cinit            

[106 symbols]
